// Jest Snapshot v1, https://goo.gl/fbAQLP

exports[`render <Home/> 1`] = `
<div
  class="sc-bczRLJ hlsKoZ"
>
  <h1
    class="sc-gsnTZi elfauH"
    color="red"
  >
    Hello, World!
  </h1>
  <p>
    ol√°
  </p>
  <input
    placeholder="Write a color in English"
    type="text"
  />
</div>
`;
