// Jest Snapshot v1, https://goo.gl/fbAQLP

exports[`<UpArrow> should render with default values 1`] = `
<div>
  <a
    class="sc-bczRLJ kjJsim"
    href="#"
  >
    <svg
      aria-label="Voltar para o topo"
      class="StyledIconBase-ea9ulj-0 lbJwfL"
      fill="currentColor"
      focusable="false"
      role="img"
      viewBox="0 0 24 24"
      xmlns="http://www.w3.org/2000/svg"
    >
      <title>
        Ir para o topo
      </title>
      <rect
        fill="none"
        height="24"
        width="24"
      />
      <path
        d="M12 20c-4.41 0-8-3.59-8-8s3.59-8 8-8 8 3.59 8 8-3.59 8-8 8m0 2c5.52 0 10-4.48 10-10S17.52 2 12 2 2 6.48 2 12s4.48 10 10 10zm-1-10v4h2v-4h3l-4-4-4 4h3z"
      />
    </svg>
  </a>
   
</div>
`;
