// Jest Snapshot v1, https://goo.gl/fbAQLP

exports[`<SectionBackground> should render Background 1`] = `
<div>
  <div
    class="sc-bczRLJ lqupo"
  >
    <h1>
      children
    </h1>
  </div>
   
</div>
`;
