// Jest Snapshot v1, https://goo.gl/fbAQLP

exports[`<MenuLink> should match snapshot 1`] = `
<a
  class="sc-bczRLJ hfzFBI"
  href="http://localhost"
  target="_self"
>
  Children
</a>
`;
