// Jest Snapshot v1, https://goo.gl/fbAQLP

exports[`<SectionContainer> should render content 1`] = `
<div>
  <div
    class="sc-bczRLJ NjkoV"
  >
    <h1>
      Children
    </h1>
  </div>
   
</div>
`;
